DNC email leaks explained#|#
Anyone who thinks Trump was just joking about shooting Clinton is missing the point#|#Trump The New York Times
Carly Rae Jepsens Emotion Side B is the latebreaking soundtrack of summer#|#
The problem with all the speculation about Hillary Clintons pneumonia#|#The New York Times in The New York Times
A plea for sanity — and seriousness — in judging the debate#|#
61 insults 39 women Trumps long history of misogyny#|#Times
Iceland is digging a seriously deep hole to tap a new source of clean energy#|#
The simple reason black early voting is down and why it shouldnt worry Democrats too much#|#York Times in New
10 things we learned about Trump adviser Steve Bannon from this recently surfaced speech#|#
A way Apple could grow without abandoning its unique corporate structure#|#in the The New York Times
The real reason Trumps denial that Russia hacked Democrats emails is so worrying#|#York Times in New
The best Christmas movies arent about Christmas#|#in New York Times
Macys delivers disappointing holiday season plans to cut more than 10000 jobs#|#
Republicans want to fight climate change but fossilfuel bullies wont let them#|#Trump York Times in New
Not even Trump can easily reverse our progress on climate change#|#Times in New
Sean Spicer delivers on Trumps brand promise#|#The Trump York Times in New
Trump and Putin discuss coordinating on ISIS and Syria Kremlin says#|#
Sharia law may be coming to America But its Christians who are bringing it#|#Times
Why a Germanborn soccer star of Muslim descent had to choose between his faith and his career#|#
Senate Democrats unify around congressional probe of Trump ties to Russia#|#New
These are the American people Trump calls enemies of the American people#|#Times
Among otherwise mediocre poll results a big gift to President Trump#|#The Trump York Times in The New York Times
Every travelers eternal question Its 2017 why dont we have WiFi on all planes#|#
McCain to Trump Retract wiretapping claim or prove it#|#New York on The Trump the New York Times
No Germany doesnt owe America vast sums of money for NATO#|#New York Times
The closer The inside story of how Trump tried — and failed — to make a deal on health care#|#Times the Trump The New York Times
Three White House officials tied to files shared with House intelligence chairman#|#The Trump York Times in The New York Times
The alternative facts epidemic goes way beyond politics#|#
The White House is getting smarter on Russia — but still has a lot to learn#|#
Scientists find giant elusive clam known as the unicorn of mollusks#|#
Young men in devastated countries used to dream of America Not anymore#|#
A skeptical climatechange column whips up a storm among NY Times readers#|#New York Times
The 35 movies everyone will be talking about this summer#|#
I was out of my mind with anger man says after berating congressman at raucous town hall#|#New
EPA to set aside 12 million for buyouts in coming months#|#Times
How a dubious Russian document influenced the FBIs handling of the Clinton probe#|#Times
Flynn to hand over documents in response to Senate panels subpoena#|#
The problem with the Republican platform There is no Republican platform#|#Times in New
How an antisharia protest outside the Texas statehouse got totally shut down#|#
A smalltown American left Belleville Ill and turned his weapons on Washington#|#
Kushner adds defense attorney Abbe Lowell to Russiainvestigation legal team#|#
As the Islamic State falls in Syria one city offers a preview of the countrys future#|#
Iowa fans boo Stanford marching band during Rose Bowl halftime show#|#in The New York Times
Cleveland police officer under investigation for Facebook post attacking Tamir Rices mother#|#Times
Got matcha Five healthy foods that will make their mark on 2016#|#in The New York Times
The history of the world as youve never seen it before#|#
Staying friends with my ex is hard Heres why its still worth it#|#New York Times
What Donald Trump learned from Ronald Reagans flipflops#|#New York Times
How Deadpools massive opening 135M has just redefined the future of the Rrated superhero film#|#
The Nevada caucuses are Trumps to lose — and he still could#|#New
Democrats are taking the Trump threat very very seriously Theyre right#|#New York Times
Zika has pregnant women in the US worried and doctors have few answers#|#
Chicago shows Americans will not take Trumps outrageous nonsense lying down#|#The New York Times
The next step for fixing Flint#|#The New York Times
Could the urge to vote against Trump help bridge Clintons enthusiasm gap#|#
There is math there is fantasy math and then theres Donald Trumps economic math#|#Trump York Times in New
Duane Dewey Clarridge CIA official enmeshed in Irancontra affair dies at 83#|#
Trumps fabricated new image#|#
Why Republicans still must not rally around Trump#|#York Times in The New York Times
Trump rolls to victory The great separation begins#|#Times The Trump the New York Times
For the two women battling North Carolina law prejudice is a personal issue#|#Times
Clinton declares victory in Kentucky primary Sanders wins in Oregon#|#Trump York Times in New
Bernie Sanders just declared war on the Democratic establishment#|#in The New York Times
Man pleads guilty to giving deadly buttocks injections using silicone super glue and cotton balls#|#Times
Five myths about gentrification#|#in New York Times
How does Donald Trump stack up against American literatures fictional dictators Pretty well actually#|#
Orlando gunman exchanged text messages with wife searched Facebook during standoff#|#New York Times
Evangelical Christians are selling out faith for politics#|#
The 2016 election is already decided History says Hillary Clinton wins#|#
Why scientists are so excited about the Juno probe that is finally orbiting Jupiter#|#the The New York Times
Pentagon will send hundreds more troops to Iraq following seizure of key airfield#|#New York Times
The Supreme Court and political world are more entangled than either acknowledges#|#New York Times
Munich officials Gunman acted like a deranged person but had no ties to terror groups#|#New York Times
Donald Trump now hates Michael Bloomberg because Bloomberg was mean to him#|#York Times The New
Let Mike be Mike Inside the sometimes awkward TrumpPence partnership#|#The Trump York Times in New
The GOP must dump Trump#|#
Powerful NSA hacking tools have been revealed online#|#
Ryan Lochte loses all four commercial sponsors after Rio Olympics incident#|#New York Times
Israel wants to bulldoze this ramshackle village but Europe is providing life support#|#New York Times
Indiana Gov Mike Pence will release his tax returns in the next week#|#is the New The Trump York Times
Democrats wonder and worry Why isnt Clinton far ahead of Trump#|#on Trump The the New York Times
The bizarre world of bitcoin mining finds a new home in Tibet#|#
Signs of panic and rebellion in the heart of Islamic States selfproclaimed caliphate#|#
How passing the TransPacific Partnership will be good for America#|#New York Times
Lifethreatening Hurricane Matthew bearing down on Haiti likelihood of US effects rising#|#in New York Times
5 things to know about presidential debate moderator Martha Raddatz#|#Times in New
Ken Bone was a hero Now Ken Bone is bad It was his destiny as a human meme#|#
The mysterious Planet Nine might be causing the whole solar system to wobble#|#York Times
Facing potential loss Trump expands the list of conspirators plotting against him#|#New
Was 2016 a missed opportunity for libertarians#|#Times in New
What is Evan McMullins endgame#|#Trump York Times
In attacking Trump did Clinton strengthen support for him#|#Trump York Times
How Donald Trump will retrofit Midtown Manhattan as a presidential getaway#|#Trump York Times in The New York Times
Before fake news there was Soviet disinformation#|#
The Districts government is a costly laboratory for the left#|#
Redstate Democrats end shutdown threat over coal miners health care#|#New York Times
Donald Trump doesnt know it yet but Vladimir Putin is going to dump him#|#
The chaos theory of Donald Trump Sowing confusion through tweets#|#
A CIA calendar the CIA gift shop refuses to sell Yes and heres the strange story behind it#|#Times
This election isnt about right vs left Its about we vs I#|#
What it will take to make Silicon Valley affordable again#|#Times
This Uber driver has been turning his rides into a dating game show#|#
Ted Cruz just caved and endorsed Donald Trump#|#Trump York Times
Snapchats 25 billion initial public offering explained for people over 30#|#
The final presidential debate showed how low our definition of normal has sunk#|#in New
An American Muslim comedian on being typecast as a terrorist — and being mistaken for one#|#York Times in New
Why misogyny won#|#Trump York Times
Nancy Pelosis victory shows House Democrats dont think they need to change to win#|#The Trump York Times in New
A pollster on the racial panic Obamas presidency triggered — and what Democrats must do now#|#Times the Trump The New York Times
2 remarkable facts that illustrate solar powers declining cost#|#The Trump in New York Times
Trump targets General Motors in latest attack on automakers while Ford cancels plans for a Mexico plant#|#York Times
How to remove Trump from office#|#
A hellscape of lies and distorted reality awaits journalists covering President Trump#|#
Justice Department opinion backs Trump on hiring of soninlaw#|#York Times
Trump says torture works but hell defer on decision over tactics to his defense secretary#|#Times in New
Gorsuch deserves a hearing These are the questions he should answer#|#
If he only had a soul#|#Trump York Times in The New York Times
Pence did not learn that Flynn misled him on Russia until last week#|#New on Trump York Times
Trump taps Army Lt Gen HR McMaster as his new national security adviser#|#Times in New
These Iowans voted for Trump Many of them are already disappointed#|#York Times
Trump says Schwarzenegger was fired from Apprentice Then Schwarzenegger fires back#|#York Times in The New York Times
The Communist Party is like the sun Wherever it shines it is bright A look at political messaging during Chinas Cultural Revolution#|#in New York Times
What could go wrong with a milliondollar wedding Check out the milliondollar lawsuit#|#York Times
With no carrots to dangle cajoling recalcitrant lawmakers on a nailbiter vote is hard#|#Trump York Times in New
A focus on cherry blossoms For decades the blooming trees have brought out admirers including photographers#|#York Times
Advertisers flee The OReilly Factor amid sexualharassment claims against host#|#
The Syria strike was the right decision — by the wrong person#|#Trump in New York Times
Great local reporting stands between you and wrongdoing And it needs saving#|#
Rightwing Le Pen claims victory alongside centrist Macron for French presidential runoff with EU future at stake#|#Trump York Times in New
Sheryl Sandberg becomes a most unlikely Every Widow#|#
Heartwrenching and incomprehensible 18 fraternity members charged in Penn State hazing death#|#York Times
Wilburn Ross who received Medal of Honor for heroism in WWII dies at 94#|#New York Times
Trumps first full education budget Deep cuts to public school programs in pursuit of school choice#|#
Fox News retracts controversial story on Seth Richs death and alleged WikiLeaks contact#|#Trump York Times in The New York Times
French President Macron blasts Russian stateowned media as propaganda#|#
Trump is finding it easier to tear down old policies than to build his own#|#Trump York Times in New
I didnt know how much I loved my high school until they closed it#|#in New York Times
How the NRA conquered Washington and abandoned gun owners like me#|#
The hightech jobs that created Indias gilded generation are disappearing#|#
Love Thy Neighbor#|#in New York Times
Unhappy in Europe some Iraqis return home#|#
Obama said gun owners would support his new restrictions He was right#|#Times
The myth surrounding Sean Penns visit with El Chapo — and the actors terrible regret#|#Times in New
Academy announces major changes to membership amid OscarsSoWhite backlash#|#Times
Sorry Donald Trump But Megyn Kelly is a fantastic debate moderator#|#Times
Surreal hills of intense color amid the Israeli desert#|#
The secret to a longlasting marriage#|#the Trump The New York Times in The New York Times
Denny Hamlin edges Martin Truex Jr in closest Daytona 500 finish#|#New York Times in The New York Times
Despite harsh conditions life continues inside the Central African Republics camp for the displaced#|#
Jimmy Carter says he no longer needs cancer drug treatment#|#for the Trump The New York Times
Michigan Gov Snyder confronts the perils of running government like a business#|#York Times in New
A US Marine is killed in Iraq the second combat casualty of the ISIS war#|#The New York Times
Teen in north Cameroon says she is a missing Chibok girl#|#New York Times
Battleground Wisconsin A Trump loss to Cruz could reshape GOP race#|#The Trump York Times
Brazils nightmare No end in sight#|#
Trumps shift to moreseasoned staffers is a key inflection point for bid#|#
Bernie Sanders is no fool Hell back Clinton when he drops out#|#Times in New
After Election Day Democrats Republicans and the media have some serious soulsearching to do#|#in New
North Carolina Justice Dept file dueling lawsuits over transgender rights#|#in the The New York Times
Heres what happened at Saturdays dramatic Nevada Democratic convention#|#
Why people like Edward Snowden say they will boycott Googles newest messaging app#|#York Times
Inventor of Heimlich maneuver saves choking victim with his own technique#|#York Times
Trumps outlaw view of the judiciary#|#
Actually Brock Turner will probably spend just three months in jail for Stanford sexual assault#|#New York Times
What happens when a gay person grows up in an antigay home#|#the The Trump in New York Times
Republicans have a plan to replace Obamacare and its costs are unclear#|#New York Times
Two years 7 million still no smoking gun on Clinton and Benghazi#|#
Brexit Syria and chaos in our interconnected world#|#The New York Times in The New York Times
How to embrace nationalism responsibly#|#
Erdogan must resist the urge to double down on authoritarianism#|#The New York Times
WikiLeaks releases thousands of documents about Clinton and internal deliberations#|#New
Can the Democrats beat Trump with his own words It didnt work in the GOP primary#|#New
Trump and the RNC jointly collect 82 million in July while Clinton and the DNC pull in 90 million#|#Trump York Times in New
US women gymnasts place their names in history with Olympic gold#|#York Times
Is Trump destroying the GOP This new poll will terrify Republicans#|#Times
Trump claims his golf courses are worth tens of millions Until the tax bill arrives#|#York Times in New
National Park Service turns 100 and some sites are showing their age#|#York Times
12 things I learned from the FBI report on Hillary Clintons private email server#|#York in New the The Trump York Times
Its not clear that Donald Trump understands the relationship between the president and the military#|#in New
These delightful Thom Browne shoes are the fashion equivalent of a Happy Meal#|#
Teen pleads guilty to sexual abuse of a 1yearold girl then a judge gives him no prison time#|#
Another year of Congress another string of broken promises#|#
A President Trump could deport freely#|#
In Haiti at least 470 dead and hundreds of thousands left with no relief in sight#|#York Times
The Birth of a Nation set photographer shares scenes from the making of the movie#|#
What does an adviser do Mosul operation highlights the elasticity of military support operations#|#Times
A new war on women breaks out This time its inside the Republican Party#|#in New
Police asked the facebiting Florida teen what he ate Humans he said#|#New York Times
Relax Democrats A Trump win would be a third Obama term#|#York Times on Trump The New York Times
Giuliani There will be a wall between Trump and his financial interests#|#York Times in New
Altright leaders praise Sessions as attorney general pick#|#York on New The Trump York Times
Why small business Saturday is not just a marketing gimmick#|#Trump York Times in The New York Times
Trumps latest conduct shows hell make our divisions a lot worse#|#in New The Trump York Times
Syria suspends offensive in Aleppo to allow evacuations Russia says#|#York Times
How might Nixons madman theory apply to Trump#|#on The Trump the New York Times
Trump chooses Sean Spicer for press secretary rounds out communications staff#|#Times in New
Fox News wonders whether we should cancel food stamps because 009 of spending is fraudulent#|#
Rio Olympics will Brazil be ready Why so much of the world thinks it wont#|#York Times
The Harambe meme is still going strong And its about a lot more than a dead gorilla#|#
Stranger Things season 2 heres everything we know#|#
Why are white men the soccer moms of 2016#|#The New York Times on Trump The New York Times
The stunning collapse of Colombias peace agreement with the FARC explained#|#the The New York Times
Four cities vote on soda taxes tomorrow Soda companies are terrified#|#New York Times
Forget conspiracy theories This is why Trumps Russian connection is actually a problem#|#in The New York Times
The real reason we have an Electoral College to protect slave states#|#York Times in New
What the altright actually wants from President Trump#|#Times
The Dutch politician convicted of inciting antiimmigrant rage is going up in the polls#|#
The economic case against Christmas presents#|#Times
Ethics advocates warn Trump that he needs to do more to divest from family business#|#New York Times
Its time to retire the tainted term fake news#|#
Rex Tillerson wouldnt call Putin a war criminal That was the right choice#|#
Donald Trumps inaugural crowds dont quite measure up to Barack Obamas#|#on the New York Times
Hill Republicans are now aiming for end of year to pass priorities#|#on Trump York Times
To resist or not the federal employees dilemma#|#Times in New
Tom Brady rejected NFLs medical culture At almost 40 hes never played better#|#Trump in New York Times
Sears Kmart join other retailers in dropping Trumpbranded items#|#in New York Times
Under Trump scientists could face more sweeping challenges than they did under George W Bush#|#
Trump will not attend the White House correspondents dinner#|#Trump York Times in New
President Trumps blaming the Democrats for Cabinet delays that are normal — and his own fault#|#The Trump York Times in New
At least 5 injured in ax attack at Dusseldorf train station#|#York Times
The 19 agencies that Trumps budget would kill explained#|#
House Intelligence chair says its possible Trumps communications were intercepted during transition#|#The New York Times
Duterte plays a winning hand with foreign policy but will his luck run out#|#York Times in The New York Times
The White House is a smoke machine when it comes to Russia#|#New
Trump officials tell Russia to drop its support for Syrias Assad#|#York Times in New
The case for impeaching President Donald J Trump Too soon#|#Times
Did Sarah Palin Ted Nugent and Kid Rock go too far in mocking Hillary Clintons portrait#|#New
A deep dive into Trumps elaborate fantasyland#|#The Trump York Times in New
A Russianbacked deal on safe zones for Syria leaves US wary#|#York Times
Mourning a soldier whose death could mark a new stage in Americas longest war#|#in New York Times
Family of slain Seth Rich says reports he fed WikiLeaks DNC info are untrue#|#The Trump York Times in New
Trump is taking historic steps — backward#|#Times
What happened to Gustavito the beloved hippo at El Salvadors National Zoo#|#
Police declare major incident on London Bridge after van reportedly hits pedestrians#|#York Times
May vows to stay course on Brexit but resignation pressure builds after stunning loss#|#the Trump The New York Times
People are worried Amazon will replace Whole Foods workers with robots#|#York Times
How Democratic timidity may have helped Trump get elected#|#New
Von Spakovsky riled Fairfax with voter fraud efforts Trump just elevated him#|#Trump York Times
How the new SpiderMan is really a John Hughes movie#|#York Times
What goes around comes around Trump shifts his birther gaze to Cruz#|#New
Goldman Sachs to pay 5 billion in mortgage settlement#|#Times
How Bernie Sanderss sharp words for Obama led to his own presidential bid#|#The Trump York Times in New
Betty Friedan to Beyoncé Todays generation embraces feminism on its own terms#|#
Four people still occupying Oregon wildlife refuge indicted by a grand jury#|#
Watch Obamas steamy valentine to first lady Things are about to get hot#|#Times in New
There no longer are any rules in the Supreme Court nomination process#|#
MSNBC severs ties with Melissa HarrisPerry after hosts critical email#|#York Times
A California lawmaker wants to ban statefunded travel to states that are deemed antigay#|#in New York Times
Johnny Manziel is cut by the Browns#|#Times
NRA Why we oppose Merrick Garlands Supreme Court nomination#|#Trump The New York Times
Indiana just banned abortion if the fetus has Down syndrome#|#The New on Trump York Times
Why Silicon Valleys unicorns have regulators worried#|#
As All the Presidents Men turns 40 today lets follow our favorite shots from the movie#|#
Netanyahu vows that Israel will never give up Golan Heights#|#
Poverty is a death sentence Sanders declares during Baltimore stop#|#
Longtime chef Prince fought throat stomach pains recently#|#Trump in New York Times
How the natural birth industry sets mothers up for guilt and shame#|#York Times
Bill Clinton takes on protesters in coal country#|#in New
Iraqi security forces use live fire to break up protests in Green Zone#|#York Times
Obama might call Kalorama home — just like these five presidents before him#|#Times in New
What the documentary Weiner tells us about Huma Abedin#|#
US spy plane buzzed by Chinese jets in unsafe intercept#|#Times in the The New York Times
Theres no equivalence here Trump is far more disliked than Clinton#|#New York Times
The gun lobbys Pyrrhic victory#|#Times
How Ruth Bader Ginsburg just won the next abortion fight#|#
A declaration against the war on drugs#|#
Donald Trump is wrong about Saddam Hussein#|#
Mike Pences hypocritical decision to run on Trumps ticket#|#Trump York Times in New
Will Texas become another brick in the Democrats blue wall#|#
The Washington Post is live at the Democratic National Convention#|#the New The Trump York Times in New
I was single for decades Now Im happily married and feel like Ive sold out#|#
For Kaine war powers issue shows a break with Clinton — and a push that fell short#|#Trump The New York Times
Ryan Lochte among four US swimmers robbed at gunpoint in Rio de Janeiro#|#
Dont bet on Ruth Bader Ginsburg retiring if Clinton becomes president#|#
How this Iraq War veteran lied his way to a Purple Heart and 750000 in disability benefits#|#the The New York Times
These photos reveal what it really means to be Native American#|#
Trump calls for higher defense spending after months of isolationist talk#|#
Obama blasts Trump as a phony champion of the working class#|#New
Alfred Morris scores goahead TD as Dallas wins 2723 and Redskins drop to 02#|#in New York Times
A preCivil War haven for free blacks is now honored in the African American Museum#|#
I never worry Ill be shot in Chicago After all Im white#|#
There is nothing left to live on Haitis hurricane survivors cope with loss despair#|#
Hillary Clinton Paul Ryan and the relationship that could shape Washington#|#
Leave it to a Canadian ad campaign to deliver the most inspiring message of this US election#|#York Times
Tesla once beloved by critics ranks near bottom of new Consumer Reports survey#|#in New York Times
What do we do now Take a deep breath#|#Times in New
I dont trust Mr Crazy Motivated by opposition to Trump Hispanics are poised for historic turnout#|#Times
Deep in Virginias craggy coal country they saw Trump as their only hope#|#Trump York Times
Trump agrees to 25 million settlement in Trump University fraud cases#|#Times in The New York Times
America Be thankful you have something to complain about#|#Times
Trump is shocked that Carrier took him literally That doesnt bode well for his many promises#|#in Trump York The New Times
Schumer If Republicans destroy our health system we wont throw them a lifeline#|#
Moscow has the worlds attention For Putin thats a win#|#York Times
Outcry at Loyola after students learn athlete accused of rape was enrolled for three years#|#
These coal country voters backed Trump Now theyre worried about losing Obamacare#|#Times in New
These tweets reveal why its so hard for conservatives to oppose Trump#|#York Times
Hillary Clinton has eased one of the biggest doubts about her capacity to be a good president#|#York Times The New
9 worthy TV shows to marathon on your weekend off from American Crime to Superstore#|#
Daily Show creator Lizz Winsteads weapon against Trump and antiabortion laws laughter#|#
What advice would you give your 25yearold self We asked you answered#|#
197 countries just agreed to phase out HFCs — a potent greenhouse gas in air conditioners#|#in The New York Times
2016 in sexy Halloween costumes from Pikachu to Harambe#|#
Its surreal but Trump and Obama just met in the Oval Office#|#York Times
How the altright uses internet trolling to confuse you into dismissing its ideology#|#
Syfy flailed after Battlestar Galactica ended In 2016 the network was TVs comeback kid#|#New York Times in The New York Times
Trump wasnt elected as a culture warrior He may govern as one#|#Trump in New York Times
A powerful new form of medical marijuana without the high#|#
US military aid is fueling big ambitions for Syrias leftist Kurdish militia#|#Times
It will only get harder for Republicans aiming to repeal Obamacare#|#Trump York Times in New
Trump is trying to put the bully back into the bully pulpit#|#The Trump York Times in New
How Trump became president through one photographers lens#|#
Trump should go nuclear on his Supreme Court nominee#|#York Times in New
What to do with a controlling 7yearold#|#New York Times in The New York Times
GOP official in viral town hall video is known for sharing misleading stories bigoted jokes#|#
In China a sense of betrayal after the assassination of Kim Jong Nam#|#
Donald Trumps CPAC speech proves it Hes totally obsessed with the media#|#New The Trump York Times in New
Republicans already think Obamacare repeal is a nightmare Its about to get worse#|#York Times
Neanderthal microbes reveal surprises about what they ate — and whom they kissed#|#Times in New
US military likely to send as many as 1000 more ground troops into Syria ahead of Raqqa offensive officials say#|#York Times
She thought shed saved her daughter from MS13 by smuggling her to the US She was wrong#|#Trump in New York Times
Joe Biden Do I regret not being president Yes#|#Trump York Times in New
OReilly Fox settled multiple harassment complaints since 2002#|#
Despite US missile barrage Syria continues airstrikes against rebels#|#
United Airlines bad week wont matter — and we have ourselves to blame#|#
Former teacher accused of kidnapping troubled teenager captured at a remote California cabin#|#New York Times
Trumps first 100 days give conservatives a lot to celebrate#|#
Why wont Democrats let antiabortion progressives under their tent#|#
Grassley Chaffetz rebuke HHS secretary for muzzling agency employees#|#York Times in The New York Times
WizardsCeltics Game 7 preview and discussion thread When it comes to Game 7s almost everyone here is green#|#in New York Times
Ivanka Trump meets with Saudi women leaders as some activists remain critical#|#
Dont call it climate change How the government is rebranding in the age of Trump#|#York Times
The ultrarich are hiding way more money overseas than anyone realized#|#Times
Team Trumps official response to the Comey testimony — now with context#|#The New York Times
Otto Warmbiers father denounces North Korea as his son is treated for a severe neurological injury#|#
Funeral for Muslim teen killed in attack near Virginia mosque draws throngs#|#Times
GOP healthcare talks center on stark question Help vulnerable Americans or help the rich#|#York Times in New
A newly unearthed photo shows Amelia Earhart survived her final flight investigators say#|#New York Times
Ted Cruz promises conservative Iowa something its never had A nominee#|#
This is actually what America would look like without gerrymandering#|#York Times
Can socialist Bernie Sanders win a general election Its a fair question#|#in New
Why Bernie Sanders doesnt participate in organized religion#|#Times
Where is the diversity in the Washington Posts top ranks#|#
US stocks track world markets deeper into the red#|#in New York Times
How the fight to fill Scalias seat could change American politics forever#|#Trump The New York Times
Chris Christies despicable endorsement of Trump#|#The Trump York Times in New
Why Donald Trump wont be elected president#|#York Times in New
How these twins turned out to have different fathers#|#
How Obama could get last laugh in Supreme Court fight#|#Times in The New York Times
Paul Ryan should stop pussyfooting around the threat of Donald Trump#|#New York Times
Moqtada alSadr is back proving that hes still a force in Iraqi politics#|#Times
The Senate just voted against airplane legroom standards#|#New The Trump York Times in New
New York has plenty of values that Ted Cruz wasnt counting on#|#York Times in The New York Times
Sanders says he has lost primaries to Clinton because poor people dont vote#|#New York Times
Brutal shocking and cruel Woman gets 100 years for cutting fetus from another womans womb#|#
After my trip to Nigeria I hoped to help my mother heal her scars of war#|#Times in New
The main reason Apple just invested 1 billion in the Uber of China#|#
Austrias rightwing populism reflects antiMuslim platform of Donald Trump#|#
A GOP congressman says he used medical marijuana while in office#|#Times
Amber Heard suffered through years of physical and psychological abuse by Johnny Depp lawyers say#|#Trump The New York Times
The shame of the graduation speaker#|#
Anderson Cooper absolutely grilled Floridas GOP attorney general over her support for LGBT people#|#New York Times
Six weeks to sanity The antiTrump surge is finally here#|#Times in New
The long march from the Stonewall Inn#|#Times in The New York Times
FBI interviews Hillary Clinton for more than 3 hours in email probe#|#
It doesnt seem real Family of slain Dallas officer mourns big guy with big heart#|#Times
Boris Johnson lied a lot says French foreign minister#|#New York Times
Missing in Cleveland The person behind Donald Trumps persona#|#Times in New
Alarmed Germans wonder about the security risks posed by asylum seekers#|#
The new Harry Potter book is here and if you wanted it to be like the old ones well…#|#New York Times in The New York Times
Republican officials say Trump could lose to Clinton in key battleground states#|#York on New The Trump York Times
Alleged Russian involvement in DNC hack gives US a taste of Kremlin meddling#|#York Times
Win or lose Trumpism may be here to stay in the GOP#|#
Frances burkini bans lead to cries of hypocrisy and sexism#|#Times
Where is fugitive polygamist Lyle Jeffs Possibly swept away in the rapture his lawyer says#|#The New York Times
US soccer star Megan Rapinoe joins Colin Kaepernick in kneeling during national anthem#|#
Donald Trumps pitch to nonwhite voters looks like it went as well as expected#|#
A lot of Donald Trump Jrs trail missteps seem to involve white nationalists and Nazis#|#The Trump York Times in New
Were not a burden on America or a stain on America Were America#|#York Times in New
Most people grow out of middle school Not Donald Trump#|#Times The New
A detailed breakdown of impacts facing Floridas east coast from Hurricane Matthew#|#Trump in New York Times
Federal appeals court rules the structure of CFPB is unconstitutional#|#York Times
Pepsi wants to make its sodas better for you — eventually#|#
Kirk Cousins puts Redskins ahead Matthew Stafford leads Lions gamewinning drive#|#Trump York Times in The New York Times
Want to get your kids to stop inhaling their food Science has your back#|#in New York Times
I know what its like when law enforcement intervenes in an election It happened to me#|#The New York Times
Donald Trumps questionable blind trust setup just got more questionable#|#in New
Gingrich says he wont hold Cabinet post under Trump#|#Times
Trump turning away intelligence briefers since election win#|#Times in New
Trumps takeover of the GOP is now complete#|#
Trumps one consistent policy Chaos#|#
He was minutes from retirement But first he blasted his bosses in a companywide email#|#York Times
Jewish leaders in Richard Spencers home town targeted in posting on neoNazi website#|#
Thanks to nodrama Obama American leadership is gone#|#Times in The New York Times
Scientists discovered a glowing purple orb at the bottom of the ocean They still have no idea what it is#|#in New York Times
Donald Trumps plan to subject immigrants to ideological tests explained#|#
JK Rowling is in a massive Twitter war about the future of progressive politics in Britain#|#
Hillary Clintons basket of deplorables explained#|#in New
The question of what Donald Trump really believes has no answer#|#in The New York Times
Hollywood says itll be better about casting trans actors Drunk History went ahead and did it#|#
So far early voting looks like good news for Hillary Clinton#|#on New York Times
Who is Taylor Swift voting for Shell never tell#|#
Sneak peek a new Vox podcast about how policy affects real people#|#The New Times
The Italian prime minister is resigning Heres what that means for Italys relationship with Europe#|#New York Times
Trumps pick for Israel ambassador thinks liberal Jews are worse than Nazi collaborators#|#
I taught preschool for 15 years Heres what I saw the good the bad and the scary#|#Trump in New York Times
Marine drill instructors accused of using a dungeon on recruits and drinking on the job#|#
Rex Tillerson couldnt recall ExxonMobil subsidiarys work with Iran Heres the proof it happened#|#
Commerce nominee Ross says top priority is renegotiating NAFTA#|#New York Times in The New York Times
Federal agencies ordered to restrict their communications#|#The Trump in New York Times
Facing criticism Trump administration has no regrets about leaving out Jews in Holocaust statement#|#New York Times
Born in the front car of the Cyclone roller coaster a photographer who truly adored Coney Island#|#York Times
This stereotype is killing black children#|#
The Pentagon said it wouldnt use depleted uranium rounds against ISIS Months later it did — thousands of times#|#Times
Kellyanne Conway Feminism associated with being antimale and proabortion#|#Times
Trump is right to spend more on defense Heres how to do so wisely#|#
Surgeons were told to stop prescribing so many painkillers The results were remarkable#|#Times
Republicans are threatening to expose Trump as the emperor with no clothes#|#New
Is Trump gutting Meals on Wheels His budget director says no#|#New York Times
Americans are dying deaths of despair Will Trump help#|#York Times in New
Zika vaccine test moves to next stage with more than 2000 volunteers in US abroad#|#Times
Expectations of a new USRussia relationship were tanking even before missile strike#|#Times
Dan Rooney the Pittsburgh Steelers chairman and former ambassador to Ireland dies at 84#|#Times
EPA plans to offer buyouts as part of Trump push to shrink workforce#|#New York Times
The rise and fall — or maybe rebirth — of the White House correspondents dinner#|#Times
Airlines abuse passengers and Washington weighs a crackdown — on passengers#|#
Newly released letter shows growing battle between groups in immigration debate#|#New the The Trump York Times
James Comey Out of a job but still in the public eye#|#
Melania and Ivanka Trump following tradition of western visitors forgo headscarves in Saudi Arabia#|#
Sean Spicer didnt get to meet the pope and even reporters feel sorry for him#|#York Times in New
How Wonder Woman director Patty Jenkins cracked the superheromovie glass ceiling#|#The
I need loyalty James Comeys riveting prepared testimony about what Trump asked him annotated#|#Times in The New York Times
University of Virginia student Otto Warmbier said to be in a coma released from North Korea#|#
We led the Wisconsin Senate Now were fighting gerrymandering in our state#|#Times in New
Half of Trumps major federal agencies still only have one Senateconfirmed appointee#|#New on Trump York Times
What we have learned in the past six months about Trump#|#York Times
Trump says Cruzs Canadian birth could be very precarious for GOP#|#the The New York Times
I despise lotteries but I bought four Powerball tickets anyway Im weak#|#York Times
Supreme Court to review Obamas power on deportation policy#|#The Trump in New York Times
Researchers have found a major problem with The Little Mermaid and other Disney movies#|#
Sanders campaign reviewing Iowa caucus totals says actual result may never be known#|#
The crash of 2016#|#
Pope Francis ends his Mexico tour praying for migrants at the US border#|#
Frontrunner Trump is the focus of tonights Republican debate in Houston#|#Trump York Times in New
Mitt Romney did Donald Trump a BIG favor by attacking him#|#Times
Europes new border fences are derailing migrants but not stopping them#|#
Republicans refuse to budge following Garland nomination to Supreme Court#|#Times in New
Few Republicans have shown the courage to stand against Trump#|#
The Dangerous Donald#|#York Times in The New York Times
The voters have spoken Never Trump#|#The Trump York Times
Tennessee governor vetoes bill making Bible the official state book#|#Times in New
TMZ was first — again Will its word alone ever be good enough for traditional media#|#in New York Times
Trump deals Clinton a winning card#|#Times in New
Man arrested in Md killing spree allegedly menaced his wife stepdaughters#|#
Secret Service to investigate after Trumps exbutler calls for Obama to be killed#|#York Times in New
Veep staging ground Policy moves put possible Latino picks in spotlight#|#Times in The New York Times
Justice Department will seek death penalty for accused Charleston church gunman Dylann Roof#|#The New York Times
Donald Trump should pick Ivanka as his running mate#|#Times in New
Its time for Hillary Clinton to hold more news conferences#|#York on Trump the The New York Times
The history of the AR15 the weapon that had a hand in the United States worst mass shooting#|#
Disdain for Trump and Clinton is so strong even the dead are campaigning#|#York Times in New
After residents voted for Brexit this British county realized the EU might stop sending them money#|#York Times
White House releases its count of civilian deaths in counterterrorism operations under Obama#|#Trump The New York Times
This is the brain on horror The incredible calm of Diamond Lavish Reynolds#|#in the The New York Times
Stop asking for Megyn Kelly to comment on the Ailes case#|#
2016 is the year of the messy private life — and the year when it no longer matters#|#
He left his family and started a new one using a dead mans identity police say#|#
He was hooked on porn for eight years Then he learned to fish#|#
Golf is back in the Olympics Too bad no one plays it anymore#|#York Times
We finally know who forged Piltdown Man one of sciences most notorious hoaxes#|#
Trump promised personal gifts on Celebrity Apprentice Heres who really paid#|#The New York Times
Amazons rumored cheaper music service illustrates its smarthome ambitions#|#Times
More parents believe vaccines are unnecessary while a mumps outbreak grows#|#York Times
The arts community embraced Obama — but he never truly embraced the arts#|#New York Times
Top West Point general Valid concerns raised about prayer after Army football game#|#York Times
The government wants social media sites to take down terrorist propaganda Maybe they shouldnt#|#York Times in The New York Times
Congressman Charlotte protesters hate white people because white people are successful#|#in New York Times
Steve Case Why Im voting for Hillary Clinton#|#
How Trump absolutely corrupts the GOP#|#Times
Filthy Farcical Furious From Access Hollywood to SNL to the debate three days of mustsee campaign craziness#|#Times in New
DNA testing links 300yearold remains of a baby to a Colonial Md governor#|#
Islamic State sets sulfur alight in attempt to foil attack on militant stronghold#|#
He lied about being a Marine sniper to get a lighter sentence Then officials dug deeper#|#New York Times
Clintons top priority Fighting her own worst instincts#|#The Trump York Times in New
President Trumps Justice Dept could see less scrutiny of police more surveillance of Muslims#|#New York Times
Jeff Sessions starts to emerge with bigger role in Trump transition#|#Times in New
Trump will shut down Clinton investigations Thats not how its supposed to work#|#Trump York Times in New
We have a culture war to win Why Starbucks cups always stir up controversy#|#in The New York Times
Fidel Castro and communisms flawed record with black people#|#in New York Times
Syrian troops pull out as Islamic State militants sweep back into ancient Palmyra#|#
Tragedy inside Mosul as food runs out and the battle against ISIS drags on#|#New York Times
Woman gave birth inside a Walmart bathroom and dumped the infant in the trash police say#|#
Verizons purchase of Yahoo explained#|#
Making a Murderer update Brendan Dasseys conviction was just overturned#|#
VMA 2016 4 winners and 3 losers from the awards show#|#New York Times
President Obama the media is completely failing to hold Donald Trump to account#|#the The New York Times
3 winners and 2 losers from the first presidential debate#|#New York Times
On climate change the difference between Trump and Clinton is really quite simple#|#Times in The New York Times
Selfdriving trucks are here but they wont put truck drivers out of work — yet#|#York Times
Kate McKinnons Hillary Clinton impression isnt accurate — but it is perfect for 2016#|#
Republicans plans to replace Obamacare explained in 500 words#|#Trump York Times in New
This 14foot python was caught with 3 deer in its gut Thats a bad sign#|#York Times
The best climate change visualizations of 2016#|#
Boxing Day explained#|#York Times
Mysterious radio burst came from a galaxy 25 billion light years away astronomers discover#|#York Times
Donald Trumps big press conference transcript Annotating everything the presidentelect said#|#Trump York Times in New
Obama commutes sentence of Chelsea Manning US soldier convicted for leaking classified information#|#
My 5yearold is scared to go to bed by himself How can we all get some sleep#|#York Times in The New York Times
The telling letter Betsy DeVos wrote to clarify her position on US disabilities law#|#
Justice Dept lawyer says 100000 visas revoked under travel ban State Dept says about 60000#|#Times
For years immigration authorities gave this mother a pass On Wednesday when she checked in with them they seized her#|#
Defense Secretary Mattis issues new ultimatum to NATO allies on defense spending#|#New York Times
What the melting of Greenland looks like#|#
The Conway picture is only a small error in Trumps swingandamiss black college event#|#York Times in New
Carson compares slaves to immigrants coming to a land of dreams and opportunity#|#New York Times
What the CBO says about the Republican plan by the numbers#|#Trump York Times in The New York Times
A Republican senator defended Betsy DeVos at a town hall Boos drowned her out#|#
Trump is trying to take credit for a jobs announcement Charter made months ago#|#York Times
Theres still high culture in America Why the National Symphony Orchestra went to Moscow#|#York Times
Senate Republicans go nuclear pave the way for Gorsuch confirmation to Supreme Court#|#
Trump on NATO I said it was obsolete Its no longer obsolete#|#York Times in New
Trumps inaugural committee reports recordshattering fundraising of 107 million#|#York Times
The thrill of the fox hunt — in a land barely touched by time#|#
Germany used to have a leader like Trump Its not who you think#|#New
China is bent on world domination — but not in the way you think#|#Times
Trumps expected choice for USDA science job lacks hardscience background#|#York Times
Recapping a stunningly bad two weeks for the Trump White House#|#Times
Why Melania Trump wore a head covering in Rome but not in Saudi Arabia#|#
Trump administration draft rule rolls back birthcontrol coverage for religious employers#|#York Times in The New York Times
White House formally backs plan to transfer air traffic control system to private corporation#|#in New
Drunken Penn State frat pledge looked like a corpse before his death detective testifies#|#Times in Trump the New York Times
Russia threatens to treat US coalition aircraft as targets over Syria#|#
A Fox News host ambushed Jesse Ventura about his American Sniper lawsuit It got ugly#|#
Chris Christie enjoyed a closed beach then got flamed But he definitely did not get a tan#|#the The Trump York Times in New
Trump rallies thousands in Mississippi with anger at media Iran deal#|#in New
Rubio absolutely stands by 2004 Florida proposal to give instate tuition to undocumented immigrants#|#Times in The New York Times
Elon Musks SpaceX successfully launches rocket but falls short on landing at sea#|#
Five myths about Reconstruction#|#
For an offbeat museum experience have a slumber party with penguins in San Francisco#|#
Why Clintons feminist pitch is not working in New Hampshire#|#
Mount St Marys alum We need to stop our university from destroying itself#|#Times
CDC investigating 14 potential cases of sexually transmitted Zika#|#York Times
Redskins will use franchise tag to retain the rights to Kirk Cousins#|#York Times
Wolf Blitzers dreadful Rubio moment#|#Trump York Times in The New York Times
The Saudi backlash to Obamas Atlantic comments has begun#|#New York Times
Trumps foreign policy views A sharp departure from GOP orthodoxy#|#
Patty Duke The original survivor of dysfunctional child stardom#|#The New York Times
How a federal spy case turned into a child pornography prosecution#|#York Times
Republicans to wealthy We just cant quit you#|#New York Times
Mourning Prince and David Bowie who showed theres no one right way to be a man#|#Times
Military files new criminal charges against exNaval Academy teacher in sexual misconduct case#|#the The New York Times
Ryan says he is not ready to back Trump deepening GOP divide#|#the New York Times
Former senator Release the uncensored truth about 911#|#
Trumps plan to rehabilitate his image Explain past controversies#|#
That is not the son I raised How a British citizen became one of the most notorious members of ISIS#|#
Obama and Hiroshimas moral lessons#|#
Remember that time you were a perfect parent every minute#|#York Times
Hitlers Mein Kampf suddenly seems to be popular again#|#
Troubled Quiet Macho Angry The volatile life of the Orlando shooter#|#
As markets roil from Brexit Trump holds a ribboncutting at his golf resort#|#in New
The end of OscarsSoWhite The new crop of Academy members looks extremely diverse#|#
Scathing report on Blairs Iraq War role prompts contrition defiance and a reckoning#|#
Dow follows SP 500 to record high#|#Trump in New York Times
Donald Trump is not qualified to be president And the American people know it#|#
He was her middleschool speech teacher Now hes the father of her unborn child police say#|#
Marine FA18 crash kills one jet crashed during close air support training#|#
Many Trump supporters dont care about the controversies dominating media coverage#|#
We scrutinized North Korean Viagra — and discovered it might actually work#|#
Documents from the Hillary Clinton email investigation might be made public#|#
Trumps top aide said he wasnt doing personal insults And then he proved her very wrong#|#York Times in New
Reaching a South Korean audience by finding laughs from North Korea#|#
Bay Area police union threatens to boycott 49ers games because of Colin Kaepernick#|#in New York Times
On birtherism Donald Trumps campaign manager wants him to be somebody Trump doesnt want to be#|#Trump York Times
Number of US railroad workers testing positive for drug use skyrockets#|#in Trump The New York Times
Donald Trumps absolutely ridiculous response to The Posts Trump Foundation story#|#New The Trump York Times
Firstever baby born using three parent genetic engineering technique#|#Times
This ISIS defector said he was an innocent bystander A new video questions his story#|#Times
Unlikely hero Jose Lobatons threerun homer evens Nats and Dodgers in NLDS#|#in New York Times
The Latest Trees power lines come down in Northwest storm#|#
Why the rumored ATT merger with Time Warner is such a huge deal#|#New York Times
New technique may prevent the gruesome deaths of billions of male chicks#|#New York Times
Final days awful choice#|#York Times in New
Considering what Americas choice of Donald Trump really means#|#The New York Times
Trump faces growing tension with key Republicans over national security issues#|#Times in New
Trump has a plan for government workers Theyre not going to like it#|#Times in The New York Times
Kellyanne Conway Mitt Romney went out of his way to hurt Donald Trump#|#
Their 5yearold is aggressive and quick to blame What to do#|#York Times
The best movies of 2016 Moonlight Manchester by the Sea and Southside With You make the top 10#|#
Trump names Rep Mick Mulvaney a fiscal hawk to head budget office#|#
The mythical endless summer is becoming a detested reality in South Florida#|#
What US Muslims fear from Trump#|#
Why Hillary Clinton wouldnt be a foreign policy hawk as president#|#New The Trump York Times
The utter futility of fad diets in one chart#|#York Times in New
Pretty Little Liars knows what its like to be a teen girl better than any other show on TV#|#
The electric cars available today how much they cost and how far they go — in one chart#|#
Why Hillary Clinton could be in even stronger shape than the polls show#|#Trump York Times in New
How Billy Bush could have confronted Trumps locker room talk according to science#|#Trump York Times
Thirdparty voters are trading votes with Clinton voters to defeat Trump#|#Trump York Times
For years Ive been watching antielite fury build in Wisconsin Then came Trump#|#York Times
The presidential recount explained#|#Times in New
John Kasich signed a ban on abortion in Ohio after 20 weeks with almost no exceptions#|#York Times
Skip Die Hard this year Black Christmas is the cynical 2016 holiday movie alternative#|#
Ivanka Trump and husband Jared Kushner have found their DC home#|#The New York Times
Intelligence chiefs briefed Trump and Obama on unconfirmed claims Russia has compromising information on presidentelect#|#Times in The New York Times
Trump German automakers will pay tariff on cars built outside US#|#York Times in The New York Times
See how inauguration license plates have changed over the years#|#
How a Secret Service controversy turned an innocent professors life into an online nightmare#|#Times in The New York Times
Hill Republicans new role Playing cleanup with the world for President Trump#|#the The Trump York Times
In Trumps capital undocumented immigrants live and work in the shadow of the White House#|#New York Times
Chaffetz Cummings support ethics office opinion that Conway likely broke rules#|#Times
Vitaly I Churkin Russian ambassador to the UN dies at 64#|#
The Oscars treated Trump like Voldemort shaming him without breathing his name#|#York Times in New
Putin destroyed Russias independent press Trump seems to want the same#|#in New
GOPs Darrell Issa represents a clear test for antiTrump Democrats trying for electoral gains in 2018#|#
Trio of GOP proposals would overhaul Medicaid dramatically starting with job requirement#|#York Times in The New York Times
The Senate just voted to undo landmark rules covering your Internet privacy#|#New York Times
Samsung tries to reclaim its reputation with the Galaxy S8#|#Times
Omidyar charity gives 100 million to boost journalism and fight hate speech#|#
United Airlines CEO apologizes for horrific event promises review of policies after passenger violently deplaned#|#York Times
Why the special election in Georgias 6th District matters#|#in The New York Times
Theres now an even better reason to steal that hotel bathrobe#|#New York Times
Dont think you have a yoga body This Instagram star has a message for you#|#New York Times
Macrons emails got hacked Heres why French voters wont hear much about them before Sundays election#|#New York Times
Acting FBI director McCabe Sen John Cornyn among 4 who will interview for FBI director job#|#
Comey prepared extensively for his conversations with Trump#|#Times in New
Trump calls Kim Jong Un a madman with nuclear weapons according to transcript of Duterte call#|#
Sportswriter is no longer an employee of Denver Post after disrespectful Indy 500 tweet#|#The New York Times
Youve never heard of these people but theyve changed the way you fly#|#York Times
Ubers board discussing temporary leave for its CEO Travis Kalanick#|#
US aircraft shoots down a Syrian government jet over northern Syria Pentagon says#|#in the The New York Times
Democrats field a glut of House candidates in 2018 but remain divided on how to win#|#Times
The unexpected political power of dentists#|#
Five myths about our habits#|#York Times in The New York Times
Muslim woman gets kicked out of Trump rally — for protesting silently#|#
The Koch brothers impact on the American political system#|#
Will the Supreme Court strike back at Obamas overreach#|#Times
The ism that describes Mr Trump best#|#
Being in the friend zone isnt ideal but its better than nothing#|#York Times in New
The GOPs dangerously dogmatic Supreme Court obstructionism#|#New Times in Trump York The New Times
Trumps word salads conceal his ignorance#|#in New
4 hurt as student opens fire in Ohio school cafeteria#|#
Clinton is running for president Sanders is doing something else#|#Times Trump the The New York Times
Voters deliver a message for Germanys Angela Merkel No more migrants#|#
Paris terror suspect was planning new attacks Belgian official says#|#York Times
Date Lab Hes Star Wars and shes Star Trek#|#
Azerbaijan declares ceasefire but fighting continues in breakaway enclave#|#
No matter how you measure it Bernie Sanders isnt winning the Democratic primary#|#New York Times
She got caught up in the likes Teen accused of livestreaming friends rape for attention#|#Times
The Islamic State and Islamic fundamentalism on the rise in Bangladesh#|#York Times
The real reason some people end up with partners who are way more attractive#|#The New York Times
Is Trump confounding expectations again#|#
For the poor in the Ivy League a full ride isnt always what they imagined#|#York Times
The online lending scare#|#York Times
Revisiting Hiroshima through these books reports and places#|#
This Instagram account shatters stereotypes about incarceration#|#
Justin Trudeau may have made the best case for legal pot ever#|#in New York Times
The man who showed Donald Trump how to exploit power and instill fear#|#
In Supreme Court balking at Obamas immigration plan GOP sees vindication on Merrick Garland#|#York Times
The days of the dreaded annual pelvic exam for women may be numbered#|#York Times
How the FBI director systematically dismantled Hillary Clintons email defense#|#Donald Trump on New York Times
Theresa May to become British prime minister in fasttrack political transition#|#Trump The New York Times
Three police officers killed three others wounded in Baton Rouge shooting attacker identified#|#
Polls show evangelicals support Trump But the term evangelical has become meaningless#|#York Times
A Post reporter was banned from a TrumpPence rally yesterday That should frighten you#|#
Images of a priest being dragged from a condemned St Rita church anger the French right#|#
Republican Party beefs up staff to woo African American voters#|#in New the The Trump York Times in New
John McLaughlin provocateur of public affairs TV dies at 89#|#
Life lessons from a smalltown undertaker as white women die younger in America#|#
Colin Kaepernick refuses to stand for national anthem to protest police killings#|#New York Times
How Hillary Clinton helped create what she later called the vast rightwing conspiracy#|#York Times in New
2 big problems with Hillary Clintons nogroundtroops pledge#|#Times The Trump the New York Times
As Russia reasserts itself US intelligence agencies focus anew on the Kremlin#|#The New York Times
The Wire creator David Simon used the nword to criticize Sean Hannity Nope#|#New
A disaster is looming for American men#|#The Trump in New York Times
Trump suggests military members with mental health issues arent strong and cant handle it#|#Trump York Times in The New York Times
Senate Republicans look ready to jump off the Trump bandwagon but theyd better watch where they land#|#Trump The New York Times
Three Kansas men calling themselves Crusaders charged in terror plot targeting Muslim immigrants#|#
Iraqs UStrained counterterrorism troops join attack on Mosul#|#
Why Donald Trumps decision to stop fundraising is a huge problem for Republicans#|#Times in The New York Times
Heres how guncontrol advocates are hoping to finally win on Tuesday#|#Trump York Times in New
When will we know who the next president is The Fix guide to Election Day 2016#|#in The New York Times
Meeting the press for first time since Trumps win Obama says new presidentelect is committed to NATO#|#The Trump York Times in New
My boyfriend has been separated for 2 years I still feel like the other woman#|#in New York Times
Clinton campaign will participate in Wisconsin recount with an eye on outside interference lawyer says#|#New the Trump York Times The New
After Pearl Harbor this mail plane had a new mission Find the attackers#|#in New York Times
Donald Trump is solving his gender problem by making the Hill GOPs worse#|#Times in New
Report ranks best and worst agencies for federal employees#|#The New York Times
Ebola vaccine shown to be highly protective against deadly virus in major trial#|#
The real reason President Obama wont recessappoint Merrick Garland to the Supreme Court#|#The Trump York Times in New
The 2016 Olympics opening ceremony director is famous for a film about Rios violence#|#
The APs big exposé on Hillary meeting with Clinton Foundation donors is a mess#|#
Trump this Esquire article proves I opposed the Iraq War Esquire no it doesnt#|#Trump York Times in The New York Times
The outrageous North Carolina law that could stop the public from seeing police shooting videos#|#Times
Tim Kaine really didnt give the VP debates female moderator the respect she deserved#|#Trump York Times in New
Im voting for Jill Stein Its a moral choice It reflects who I am as a person#|#
The simple truth about voter fraud#|#York Times in New
Trump belatedly decides to defend the Electoral College tweeting that its actually genius#|#New York Times on Trump The New York Times
By picking Tom Price to lead HHS Trump shows hes absolutely serious about dismantling Obamacare#|#York Times
CIA report Russia hacked the Democrats to help Trump#|#the Trump The New York Times
We finally have an effective Ebola vaccine The war on the disease is about to change#|#
A rightwing militia trains Russians to fight the next war — with or without Putin#|#
Fresh takes on the classic Reuben are popping up at DCs new sandwich shops#|#Times
Date Lab They agreed to keep parts of their conversation off the record#|#York Times
A Trump book for sale at the National History Museum is riddled with falsehoods#|#in New
CDCs canceled climate change conference is back on — thanks to Al Gore#|#Trump York Times in New
Jeff Sessions approved by Judiciary Committee after another bitter hearing#|#
NCAA reportedly is on the verge of blackballing North Carolina for years over bathroom bill#|#in New York Times
This is what incompetence looks like#|#Times in New
Sweden has no idea what Trump meant when he said You look at whats happening … in Sweden#|#on the New York Times
Thousands of furious Trump fans cant stop visiting a website that pretends Clinton won#|#
